[32m  INFO[0m: Launching config: "/home/skistaddy/.config/quickshell/shell.qml"
[32m  INFO[0m: Shell ID: "2d9c417f4ab15d65e20c5c2f2236fa44" Path ID "2d9c417f4ab15d65e20c5c2f2236fa44"
[32m  INFO[0m: Saving logs to "/run/user/1000/quickshell/by-id/8os3l6bykt/log.qslog"
[33m  WARN[0m: qs:@/qs/shell.qml: Setting initial properties failed: PanelWindow does not have a property called modelData
[33m  WARN[0m: qs:@/qs/shell.qml: Setting initial properties failed: PanelWindow does not have a property called modelData
[32m  INFO[0m: Configuration Loaded
[32m  INFO[0m: Reloading configuration...
[31m ERROR[0m: Failed to load configuration
[31m ERROR[0m:   caused by @shell.qml[8:4]: Type Bar unavailable
[31m ERROR[0m:   caused by @Bar.qml[-1:-1]: File is empty
[32m  INFO[0m: Watching additional files picked up in reload for changes...
[32m  INFO[0m: Reloading configuration...
[31m ERROR[0m: Failed to load configuration
[31m ERROR[0m:   caused by @shell.qml[8:4]: Type Bar unavailable
[31m ERROR[0m:   caused by @Bar.qml[3:3]: Text is not a type
[32m  INFO[0m: Watching additional files picked up in reload for changes...
[33m  WARN[97m quickshell.qmlscanner[0m: Failed to open file "/home/skistaddy/.config/quickshell/shell.qml"
[32m  INFO[0m: Reloading configuration...
[31m ERROR[0m: Failed to load configuration
[31m ERROR[0m:   caused by @shell.qml[-1:-1]: File not found
[32m  INFO[0m: Reloading configuration...
[31m ERROR[0m: Failed to load configuration
[31m ERROR[0m:   caused by @shell.qml[8:4]: Type Bar unavailable
[31m ERROR[0m:   caused by @Bar.qml[3:3]: Text is not a type
[32m  INFO[0m: Watching additional files picked up in reload for changes...
[32m  INFO[0m: Reloading configuration...
[31m ERROR[0m: Failed to load configuration
[31m ERROR[0m:   caused by @shell.qml[8:4]: Type Bar unavailable
[31m ERROR[0m:   caused by @Bar.qml[3:3]: Text is not a type
[32m  INFO[0m: Watching additional files picked up in reload for changes...
[32m  INFO[0m: Reloading configuration...
[31m ERROR[0m: Failed to load configuration
[31m ERROR[0m:   caused by @shell.qml[8:4]: Bar is not a type
[33m  WARN[97m quickshell.qmlscanner[0m: Failed to open file "/home/skistaddy/.config/quickshell/shell.qml"
[32m  INFO[0m: Reloading configuration...
[31m ERROR[0m: Failed to load configuration
[31m ERROR[0m:   caused by @shell.qml[-1:-1]: File not found
[32m  INFO[0m: Reloading configuration...
[33m  WARN[0m: qs:@/qs/shell.qml: Setting initial properties failed: Scope does not have a property called modelData
[33m  WARN[0m: qs:@/qs/shell.qml: Setting initial properties failed: Scope does not have a property called modelData
[32m  INFO[0m: Configuration Loaded
[32m  INFO[0m: Reloading configuration...
[32m  INFO[0m: Configuration Loaded
[32m  INFO[0m: Reloading configuration...
[32m  INFO[0m: Configuration Loaded
[32m  INFO[0m: Reloading configuration...
[32m  INFO[0m: Configuration Loaded
[32m  INFO[0m: Reloading configuration...
[31m ERROR[0m: Failed to load configuration
[31m ERROR[0m:   caused by @shell.qml[4:1]: Type Bar unavailable
[31m ERROR[0m:   caused by @Bar.qml[-1:-1]: Type Info unavailable
[31m ERROR[0m:   caused by @Info.qml[37:21]: Expected token `:'
[32m  INFO[0m: Watching additional files picked up in reload for changes...
[32m  INFO[0m: Reloading configuration...
[31m ERROR[0m: Failed to load configuration
[31m ERROR[0m:   caused by @shell.qml[4:1]: Type Bar unavailable
[31m ERROR[0m:   caused by @Bar.qml[-1:-1]: Type Info unavailable
[31m ERROR[0m:   caused by @Info.qml[37:21]: Expected token `:'
[32m  INFO[0m: Watching additional files picked up in reload for changes...
[32m  INFO[0m: Reloading configuration...
[31m ERROR[0m: Failed to load configuration
[31m ERROR[0m:   caused by @shell.qml[4:1]: Type Bar unavailable
[31m ERROR[0m:   caused by @Bar.qml[-1:-1]: Type Info unavailable
[31m ERROR[0m:   caused by @Info.qml[37:21]: Expected token `:'
[32m  INFO[0m: Watching additional files picked up in reload for changes...
[32m  INFO[0m: Reloading configuration...
[31m ERROR[0m: Failed to load configuration
[31m ERROR[0m:   caused by @shell.qml[4:1]: Type Bar unavailable
[31m ERROR[0m:   caused by @Bar.qml[-1:-1]: Type Info unavailable
[31m ERROR[0m:   caused by @Info.qml[37:21]: Expected token `:'
[32m  INFO[0m: Watching additional files picked up in reload for changes...
[32m  INFO[0m: Reloading configuration...
[31m ERROR[0m: Failed to load configuration
[31m ERROR[0m:   caused by @shell.qml[4:1]: Type Bar unavailable
[31m ERROR[0m:   caused by @Bar.qml[-1:-1]: Type Info unavailable
[31m ERROR[0m:   caused by @Info.qml[37:21]: Expected token `:'
[32m  INFO[0m: Watching additional files picked up in reload for changes...
[32m  INFO[0m: Reloading configuration...
[31m ERROR[0m: Failed to load configuration
[31m ERROR[0m:   caused by @shell.qml[4:1]: Type Bar unavailable
[31m ERROR[0m:   caused by @Bar.qml[-1:-1]: Type Info unavailable
[31m ERROR[0m:   caused by @Info.qml[37:21]: Expected token `:'
[32m  INFO[0m: Watching additional files picked up in reload for changes...
[32m  INFO[0m: Reloading configuration...
[31m ERROR[0m: Failed to load configuration
[31m ERROR[0m:   caused by @shell.qml[4:1]: Type Bar unavailable
[31m ERROR[0m:   caused by @Bar.qml[-1:-1]: Type Info unavailable
[31m ERROR[0m:   caused by @Info.qml[37:21]: Expected token `:'
[32m  INFO[0m: Watching additional files picked up in reload for changes...
[32m  INFO[0m: Reloading configuration...
[31m ERROR[0m: Failed to load configuration
[31m ERROR[0m:   caused by @shell.qml[4:1]: Type Bar unavailable
[31m ERROR[0m:   caused by @Bar.qml[-1:-1]: Type Info unavailable
[31m ERROR[0m:   caused by @Info.qml[37:21]: Expected token `:'
[32m  INFO[0m: Watching additional files picked up in reload for changes...
[32m  INFO[0m: Reloading configuration...
[32m  INFO[0m: Configuration Loaded
[32m  INFO[0m: Reloading configuration...
[31m ERROR[0m: Failed to load configuration
[31m ERROR[0m:   caused by @shell.qml[4:1]: Type Bar unavailable
[31m ERROR[0m:   caused by @Bar.qml[-1:-1]: Type Info unavailable
[31m ERROR[0m:   caused by @Info.qml[36:3]: Incorrectly specified signal assignment
[32m  INFO[0m: Watching additional files picked up in reload for changes...
[32m  INFO[0m: Reloading configuration...
[31m ERROR[0m: Failed to load configuration
[31m ERROR[0m:   caused by @shell.qml[4:1]: Type Bar unavailable
[31m ERROR[0m:   caused by @Bar.qml[-1:-1]: Type Info unavailable
[31m ERROR[0m:   caused by @Info.qml[36:3]: Incorrectly specified signal assignment
[32m  INFO[0m: Watching additional files picked up in reload for changes...
[32m  INFO[0m: Reloading configuration...
[33m  WARN[97m scene[0m: @Bar.qml[11:-1]: ReferenceError: Info is not defined
[32m  INFO[0m: Configuration Loaded
[32m  INFO[0m: Reloading configuration...
[31m ERROR[0m: Failed to load configuration
[31m ERROR[0m:   caused by @shell.qml[4:1]: Type Bar unavailable
[31m ERROR[0m:   caused by @Bar.qml[-1:-1]: Type Info unavailable
[31m ERROR[0m:   caused by @Info.qml[37:20]: Expected token `,'
[32m  INFO[0m: Watching additional files picked up in reload for changes...
[32m  INFO[0m: Reloading configuration...
[32m  INFO[0m: Configuration Loaded
[33m  WARN[0m: Process failed to start, likely because the binary could not be found. Command: QList("cat /sys/class/power_supply/BAT1/capacity")
[33m  WARN[0m: Process failed to start, likely because the binary could not be found. Command: QList("date +%r")
[33m  WARN[0m: Process failed to start, likely because the binary could not be found. Command: QList("date +%r")
[33m  WARN[0m: Process failed to start, likely because the binary could not be found. Command: QList("cat /sys/class/power_supply/BAT1/capacity")
[33m  WARN[0m: Process failed to start, likely because the binary could not be found. Command: QList("date +%r")
[33m  WARN[0m: Process failed to start, likely because the binary could not be found. Command: QList("cat /sys/class/power_supply/BAT1/capacity")
[33m  WARN[0m: Process failed to start, likely because the binary could not be found. Command: QList("date +%r")
[33m  WARN[0m: Process failed to start, likely because the binary could not be found. Command: QList("cat /sys/class/power_supply/BAT1/capacity")
[33m  WARN[0m: Process failed to start, likely because the binary could not be found. Command: QList("date +%r")
[33m  WARN[0m: Process failed to start, likely because the binary could not be found. Command: QList("cat /sys/class/power_supply/BAT1/capacity")
[33m  WARN[0m: Process failed to start, likely because the binary could not be found. Command: QList("date +%r")
[33m  WARN[0m: Process failed to start, likely because the binary could not be found. Command: QList("cat /sys/class/power_supply/BAT1/capacity")
[33m  WARN[0m: Process failed to start, likely because the binary could not be found. Command: QList("date +%r")
[33m  WARN[0m: Process failed to start, likely because the binary could not be found. Command: QList("cat /sys/class/power_supply/BAT1/capacity")
[33m  WARN[0m: Process failed to start, likely because the binary could not be found. Command: QList("date +%r")
[33m  WARN[0m: Process failed to start, likely because the binary could not be found. Command: QList("cat /sys/class/power_supply/BAT1/capacity")
[33m  WARN[0m: Process failed to start, likely because the binary could not be found. Command: QList("date +%r")
[33m  WARN[0m: Process failed to start, likely because the binary could not be found. Command: QList("cat /sys/class/power_supply/BAT1/capacity")
[33m  WARN[0m: Process failed to start, likely because the binary could not be found. Command: QList("date +%r")
[33m  WARN[0m: Process failed to start, likely because the binary could not be found. Command: QList("cat /sys/class/power_supply/BAT1/capacity")
[33m  WARN[0m: Process failed to start, likely because the binary could not be found. Command: QList("date +%r")
[33m  WARN[0m: Process failed to start, likely because the binary could not be found. Command: QList("cat /sys/class/power_supply/BAT1/capacity")
[33m  WARN[0m: Process failed to start, likely because the binary could not be found. Command: QList("date +%r")
[33m  WARN[0m: Process failed to start, likely because the binary could not be found. Command: QList("cat /sys/class/power_supply/BAT1/capacity")
[33m  WARN[0m: Process failed to start, likely because the binary could not be found. Command: QList("date +%r")
[33m  WARN[0m: Process failed to start, likely because the binary could not be found. Command: QList("cat /sys/class/power_supply/BAT1/capacity")
[33m  WARN[0m: Process failed to start, likely because the binary could not be found. Command: QList("date +%r")
[33m  WARN[0m: Process failed to start, likely because the binary could not be found. Command: QList("cat /sys/class/power_supply/BAT1/capacity")
[33m  WARN[0m: Process failed to start, likely because the binary could not be found. Command: QList("date +%r")
[33m  WARN[0m: Process failed to start, likely because the binary could not be found. Command: QList("cat /sys/class/power_supply/BAT1/capacity")
[33m  WARN[0m: Process failed to start, likely because the binary could not be found. Command: QList("date +%r")
[33m  WARN[0m: Process failed to start, likely because the binary could not be found. Command: QList("cat /sys/class/power_supply/BAT1/capacity")
[33m  WARN[0m: Process failed to start, likely because the binary could not be found. Command: QList("date +%r")
[33m  WARN[0m: Process failed to start, likely because the binary could not be found. Command: QList("cat /sys/class/power_supply/BAT1/capacity")
[33m  WARN[0m: Process failed to start, likely because the binary could not be found. Command: QList("date +%r")
[33m  WARN[0m: Process failed to start, likely because the binary could not be found. Command: QList("cat /sys/class/power_supply/BAT1/capacity")
[33m  WARN[0m: Process failed to start, likely because the binary could not be found. Command: QList("date +%r")
[33m  WARN[0m: Process failed to start, likely because the binary could not be found. Command: QList("cat /sys/class/power_supply/BAT1/capacity")
[33m  WARN[0m: Process failed to start, likely because the binary could not be found. Command: QList("date +%r")
[33m  WARN[0m: Process failed to start, likely because the binary could not be found. Command: QList("cat /sys/class/power_supply/BAT1/capacity")
[32m  INFO[0m: Reloading configuration...
[32m  INFO[0m: Configuration Loaded
[32m  INFO[0m: Reloading configuration...
[32m  INFO[0m: Configuration Loaded
[33m  WARN[0m: Process failed to start, likely because the binary could not be found. Command: QList("cat /sys/class/power_supply/BAT1/capacity")
[33m  WARN[0m: Process failed to start, likely because the binary could not be found. Command: QList("date +%r")
[33m  WARN[0m: Process failed to start, likely because the binary could not be found. Command: QList("date +%r")
[33m  WARN[0m: Process failed to start, likely because the binary could not be found. Command: QList("cat /sys/class/power_supply/BAT1/capacity")
[33m  WARN[0m: Process failed to start, likely because the binary could not be found. Command: QList("date +%r")
[33m  WARN[0m: Process failed to start, likely because the binary could not be found. Command: QList("cat /sys/class/power_supply/BAT1/capacity")
[33m  WARN[0m: Process failed to start, likely because the binary could not be found. Command: QList("date +%r")
[33m  WARN[0m: Process failed to start, likely because the binary could not be found. Command: QList("cat /sys/class/power_supply/BAT1/capacity")
[33m  WARN[0m: Process failed to start, likely because the binary could not be found. Command: QList("date +%r")
[33m  WARN[0m: Process failed to start, likely because the binary could not be found. Command: QList("cat /sys/class/power_supply/BAT1/capacity")
[33m  WARN[0m: Process failed to start, likely because the binary could not be found. Command: QList("date +%r")
[33m  WARN[0m: Process failed to start, likely because the binary could not be found. Command: QList("cat /sys/class/power_supply/BAT1/capacity")
[33m  WARN[0m: Process failed to start, likely because the binary could not be found. Command: QList("date +%r")
[33m  WARN[0m: Process failed to start, likely because the binary could not be found. Command: QList("cat /sys/class/power_supply/BAT1/capacity")
[33m  WARN[0m: Process failed to start, likely because the binary could not be found. Command: QList("date +%r")
[33m  WARN[0m: Process failed to start, likely because the binary could not be found. Command: QList("cat /sys/class/power_supply/BAT1/capacity")
[33m  WARN[0m: Process failed to start, likely because the binary could not be found. Command: QList("date +%r")
[33m  WARN[0m: Process failed to start, likely because the binary could not be found. Command: QList("cat /sys/class/power_supply/BAT1/capacity")
[33m  WARN[0m: Process failed to start, likely because the binary could not be found. Command: QList("date +%r")
[33m  WARN[0m: Process failed to start, likely because the binary could not be found. Command: QList("cat /sys/class/power_supply/BAT1/capacity")
[33m  WARN[0m: Process failed to start, likely because the binary could not be found. Command: QList("date +%r")
[33m  WARN[0m: Process failed to start, likely because the binary could not be found. Command: QList("cat /sys/class/power_supply/BAT1/capacity")
[33m  WARN[0m: Process failed to start, likely because the binary could not be found. Command: QList("date +%r")
[33m  WARN[0m: Process failed to start, likely because the binary could not be found. Command: QList("cat /sys/class/power_supply/BAT1/capacity")
[33m  WARN[0m: Process failed to start, likely because the binary could not be found. Command: QList("date +%r")
[33m  WARN[0m: Process failed to start, likely because the binary could not be found. Command: QList("cat /sys/class/power_supply/BAT1/capacity")
[33m  WARN[0m: Process failed to start, likely because the binary could not be found. Command: QList("date +%r")
[33m  WARN[0m: Process failed to start, likely because the binary could not be found. Command: QList("cat /sys/class/power_supply/BAT1/capacity")
[33m  WARN[0m: Process failed to start, likely because the binary could not be found. Command: QList("date +%r")
[33m  WARN[0m: Process failed to start, likely because the binary could not be found. Command: QList("cat /sys/class/power_supply/BAT1/capacity")
[33m  WARN[0m: Process failed to start, likely because the binary could not be found. Command: QList("date +%r")
[33m  WARN[0m: Process failed to start, likely because the binary could not be found. Command: QList("cat /sys/class/power_supply/BAT1/capacity")
[33m  WARN[0m: Process failed to start, likely because the binary could not be found. Command: QList("date +%r")
[33m  WARN[0m: Process failed to start, likely because the binary could not be found. Command: QList("cat /sys/class/power_supply/BAT1/capacity")
[33m  WARN[0m: Process failed to start, likely because the binary could not be found. Command: QList("date +%r")
[33m  WARN[0m: Process failed to start, likely because the binary could not be found. Command: QList("cat /sys/class/power_supply/BAT1/capacity")
[33m  WARN[0m: Process failed to start, likely because the binary could not be found. Command: QList("date +%r")
[33m  WARN[0m: Process failed to start, likely because the binary could not be found. Command: QList("cat /sys/class/power_supply/BAT1/capacity")
[33m  WARN[0m: Process failed to start, likely because the binary could not be found. Command: QList("date +%r")
[33m  WARN[0m: Process failed to start, likely because the binary could not be found. Command: QList("cat /sys/class/power_supply/BAT1/capacity")
[33m  WARN[0m: Process failed to start, likely because the binary could not be found. Command: QList("date +%r")
[33m  WARN[0m: Process failed to start, likely because the binary could not be found. Command: QList("cat /sys/class/power_supply/BAT1/capacity")
[33m  WARN[0m: Process failed to start, likely because the binary could not be found. Command: QList("date +%r")
[33m  WARN[0m: Process failed to start, likely because the binary could not be found. Command: QList("cat /sys/class/power_supply/BAT1/capacity")
[33m  WARN[0m: Process failed to start, likely because the binary could not be found. Command: QList("date +%r")
[33m  WARN[0m: Process failed to start, likely because the binary could not be found. Command: QList("cat /sys/class/power_supply/BAT1/capacity")
[33m  WARN[0m: Process failed to start, likely because the binary could not be found. Command: QList("date +%r")
[33m  WARN[0m: Process failed to start, likely because the binary could not be found. Command: QList("cat /sys/class/power_supply/BAT1/capacity")
[33m  WARN[0m: Process failed to start, likely because the binary could not be found. Command: QList("date +%r")
[33m  WARN[0m: Process failed to start, likely because the binary could not be found. Command: QList("cat /sys/class/power_supply/BAT1/capacity")
[33m  WARN[0m: Process failed to start, likely because the binary could not be found. Command: QList("date +%r")
[33m  WARN[0m: Process failed to start, likely because the binary could not be found. Command: QList("cat /sys/class/power_supply/BAT1/capacity")
[33m  WARN[0m: Process failed to start, likely because the binary could not be found. Command: QList("date +%r")
[33m  WARN[0m: Process failed to start, likely because the binary could not be found. Command: QList("cat /sys/class/power_supply/BAT1/capacity")
[33m  WARN[0m: Process failed to start, likely because the binary could not be found. Command: QList("date +%r")
[33m  WARN[0m: Process failed to start, likely because the binary could not be found. Command: QList("cat /sys/class/power_supply/BAT1/capacity")
[33m  WARN[0m: Process failed to start, likely because the binary could not be found. Command: QList("date +%r")
[33m  WARN[0m: Process failed to start, likely because the binary could not be found. Command: QList("cat /sys/class/power_supply/BAT1/capacity")
[33m  WARN[0m: Process failed to start, likely because the binary could not be found. Command: QList("date +%r")
[33m  WARN[0m: Process failed to start, likely because the binary could not be found. Command: QList("cat /sys/class/power_supply/BAT1/capacity")
[33m  WARN[0m: Process failed to start, likely because the binary could not be found. Command: QList("date +%r")
[33m  WARN[0m: Process failed to start, likely because the binary could not be found. Command: QList("cat /sys/class/power_supply/BAT1/capacity")
[33m  WARN[0m: Process failed to start, likely because the binary could not be found. Command: QList("date +%r")
[33m  WARN[0m: Process failed to start, likely because the binary could not be found. Command: QList("cat /sys/class/power_supply/BAT1/capacity")
[33m  WARN[0m: Process failed to start, likely because the binary could not be found. Command: QList("date +%r")
[33m  WARN[0m: Process failed to start, likely because the binary could not be found. Command: QList("cat /sys/class/power_supply/BAT1/capacity")
[33m  WARN[0m: Process failed to start, likely because the binary could not be found. Command: QList("date +%r")
[33m  WARN[0m: Process failed to start, likely because the binary could not be found. Command: QList("cat /sys/class/power_supply/BAT1/capacity")
[33m  WARN[0m: Process failed to start, likely because the binary could not be found. Command: QList("date +%r")
[33m  WARN[0m: Process failed to start, likely because the binary could not be found. Command: QList("cat /sys/class/power_supply/BAT1/capacity")
[33m  WARN[0m: Process failed to start, likely because the binary could not be found. Command: QList("date +%r")
[33m  WARN[0m: Process failed to start, likely because the binary could not be found. Command: QList("cat /sys/class/power_supply/BAT1/capacity")
[33m  WARN[0m: Process failed to start, likely because the binary could not be found. Command: QList("date +%r")
[33m  WARN[0m: Process failed to start, likely because the binary could not be found. Command: QList("cat /sys/class/power_supply/BAT1/capacity")
[32m  INFO[0m: Reloading configuration...
[32m  INFO[0m: Configuration Loaded
[33m  WARN[0m: Process failed to start, likely because the binary could not be found. Command: QList("cat /sys/class/power_supply/BAT1/capacity")
[33m  WARN[0m: Process failed to start, likely because the binary could not be found. Command: QList("cat /sys/class/power_supply/BAT1/capacity")
[33m  WARN[0m: Process failed to start, likely because the binary could not be found. Command: QList("cat /sys/class/power_supply/BAT1/capacity")
[33m  WARN[0m: Process failed to start, likely because the binary could not be found. Command: QList("cat /sys/class/power_supply/BAT1/capacity")
[33m  WARN[0m: Process failed to start, likely because the binary could not be found. Command: QList("cat /sys/class/power_supply/BAT1/capacity")
[33m  WARN[0m: Process failed to start, likely because the binary could not be found. Command: QList("cat /sys/class/power_supply/BAT1/capacity")
[33m  WARN[0m: Process failed to start, likely because the binary could not be found. Command: QList("cat /sys/class/power_supply/BAT1/capacity")
[33m  WARN[0m: Process failed to start, likely because the binary could not be found. Command: QList("cat /sys/class/power_supply/BAT1/capacity")
[33m  WARN[0m: Process failed to start, likely because the binary could not be found. Command: QList("cat /sys/class/power_supply/BAT1/capacity")
[33m  WARN[0m: Process failed to start, likely because the binary could not be found. Command: QList("cat /sys/class/power_supply/BAT1/capacity")
[33m  WARN[0m: Process failed to start, likely because the binary could not be found. Command: QList("cat /sys/class/power_supply/BAT1/capacity")
[33m  WARN[0m: Process failed to start, likely because the binary could not be found. Command: QList("cat /sys/class/power_supply/BAT1/capacity")
[33m  WARN[0m: Process failed to start, likely because the binary could not be found. Command: QList("cat /sys/class/power_supply/BAT1/capacity")
[33m  WARN[0m: Process failed to start, likely because the binary could not be found. Command: QList("cat /sys/class/power_supply/BAT1/capacity")
[33m  WARN[0m: Process failed to start, likely because the binary could not be found. Command: QList("cat /sys/class/power_supply/BAT1/capacity")
[32m  INFO[0m: Reloading configuration...
[32m  INFO[0m: Configuration Loaded
[32m  INFO[0m: Reloading configuration...
[32m  INFO[0m: Configuration Loaded
[32m  INFO[0m: Reloading configuration...
[32m  INFO[0m: Configuration Loaded
[32m  INFO[0m: Reloading configuration...
[32m  INFO[0m: Configuration Loaded
[32m  INFO[0m: Reloading configuration...
[32m  INFO[0m: Configuration Loaded
[32m  INFO[0m: Reloading configuration...
[32m  INFO[0m: Configuration Loaded
[32m  INFO[0m: Reloading configuration...
[32m  INFO[0m: Configuration Loaded
[32m  INFO[0m: Reloading configuration...
[32m  INFO[0m: Configuration Loaded
[32m  INFO[0m: Reloading configuration...
[33m  WARN[0m: Variants instance does not have a component specified
[32m  INFO[0m: Configuration Loaded
[32m  INFO[0m: Reloading configuration...
[31m ERROR[0m: Failed to load configuration
[31m ERROR[0m:   caused by @shell.qml[6:3]: Cannot assign to non-existent property "variants"
[32m  INFO[0m: Reloading configuration...
[33m  WARN[0m: Variants instance does not have a component specified
[33m  WARN[0m: Variants instance does not have a component specified
[32m  INFO[0m: Configuration Loaded
[32m  INFO[0m: Reloading configuration...
[33m  WARN[0m: qs:@/qs/shell.qml: Setting initial properties failed: Bar does not have a property called modelData
[33m  WARN[0m: qs:@/qs/shell.qml: Setting initial properties failed: Bar does not have a property called modelData
[32m  INFO[0m: Configuration Loaded
[32m  INFO[0m: Reloading configuration...
[33m  WARN[0m: QEventLoop: Cannot be used without QCoreApplication
[31m ERROR[0m: Quickshell has crashed under pid 194811 (Coredumps will be available under that pid.)
[31m ERROR[0m: Further crash information is stored under "/home/skistaddy/.cache/quickshell/crashes/8os3l6bykt"
[31m ERROR[0m: Quickshell has been restarted.
[32m  INFO[0m: Launching config: "/home/skistaddy/.config/quickshell/shell.qml"
[32m  INFO[0m: Shell ID: "2d9c417f4ab15d65e20c5c2f2236fa44" Path ID "2d9c417f4ab15d65e20c5c2f2236fa44"
[32m  INFO[0m: Saving logs to "/run/user/1000/quickshell/by-id/8os3oeeykt/log.qslog"
[32m  INFO[0m: Configuration Loaded
[32m  INFO[0m: Reloading configuration...
[32m  INFO[0m: Configuration Loaded
[32m  INFO[0m: Reloading configuration...
[32m  INFO[0m: Configuration Loaded
[32m  INFO[0m: Reloading configuration...
[33m  WARN[97m scene[0m: @Bar.qml[6:2]: Unable to assign [undefined] to QuickshellScreenInfo*
[32m  INFO[0m: Configuration Loaded
[32m  INFO[0m: Reloading configuration...
[32m  INFO[0m: Configuration Loaded
[32m  INFO[0m: Reloading configuration...
[32m  INFO[0m: Configuration Loaded
[32m  INFO[0m: Reloading configuration...
[32m  INFO[0m: Configuration Loaded
[32m  INFO[0m: Reloading configuration...
[32m  INFO[0m: Configuration Loaded
[32m  INFO[0m: Reloading configuration...
[32m  INFO[0m: Configuration Loaded
[32m  INFO[0m: Reloading configuration...
[32m  INFO[0m: Configuration Loaded
[32m  INFO[0m: Reloading configuration...
[32m  INFO[0m: Configuration Loaded
[32m  INFO[0m: Reloading configuration...
[31m ERROR[0m: Failed to load configuration
[31m ERROR[0m:   caused by @shell.qml[7:13]: Type Bar unavailable
[31m ERROR[0m:   caused by @Bar.qml[13:16]: Expected token `:'
[32m  INFO[0m: Reloading configuration...
[31m ERROR[0m: Failed to load configuration
[31m ERROR[0m:   caused by @shell.qml[7:13]: Type Bar unavailable
[31m ERROR[0m:   caused by @Bar.qml[13:17]: Invalid property assignment: unsupported type "QQuickItem*"
[32m  INFO[0m: Reloading configuration...
[32m  INFO[0m: Configuration Loaded
[32m  INFO[0m: Reloading configuration...
[32m  INFO[0m: Configuration Loaded
[32m  INFO[0m: Reloading configuration...
[31m ERROR[0m: Failed to load configuration
[31m ERROR[0m:   caused by @shell.qml[7:13]: Type Bar unavailable
[31m ERROR[0m:   caused by @Bar.qml[13:11]: Cannot assign to non-existent property "centerInParent"
[32m  INFO[0m: Reloading configuration...
[32m  INFO[0m: Configuration Loaded
[32m  INFO[0m: Reloading configuration...
[32m  INFO[0m: Configuration Loaded
[32m  INFO[0m: Reloading configuration...
[32m  INFO[0m: Configuration Loaded
[32m  INFO[0m: Reloading configuration...
[31m ERROR[0m: Failed to load configuration
[31m ERROR[0m:   caused by @shell.qml[7:13]: Type Bar unavailable
[31m ERROR[0m:   caused by @Bar.qml[14:3]: Cannot assign to non-existent property "nowrap"
[32m  INFO[0m: Reloading configuration...
[32m  INFO[0m: Configuration Loaded
[32m  INFO[0m: Reloading configuration...
[32m  INFO[0m: Configuration Loaded
[32m  INFO[0m: Reloading configuration...
[32m  INFO[0m: Configuration Loaded
[32m  INFO[0m: Reloading configuration...
[32m  INFO[0m: Configuration Loaded
[32m  INFO[0m: Reloading configuration...
[32m  INFO[0m: Configuration Loaded
[32m  INFO[0m: Reloading configuration...
[32m  INFO[0m: Configuration Loaded
[32m  INFO[0m: Reloading configuration...
[32m  INFO[0m: Configuration Loaded
[32m  INFO[0m: Reloading configuration...
[32m  INFO[0m: Configuration Loaded
[32m  INFO[0m: Reloading configuration...
[32m  INFO[0m: Configuration Loaded
[32m  INFO[0m: Reloading configuration...
[32m  INFO[0m: Configuration Loaded
[32m  INFO[0m: Reloading configuration...
[32m  INFO[0m: Configuration Loaded
[32m  INFO[0m: Reloading configuration...
[32m  INFO[0m: Configuration Loaded
[32m  INFO[0m: Reloading configuration...
[32m  INFO[0m: Configuration Loaded
[32m  INFO[0m: Reloading configuration...
[32m  INFO[0m: Configuration Loaded
[32m  INFO[0m: Reloading configuration...
[32m  INFO[0m: Configuration Loaded
[32m  INFO[0m: Reloading configuration...
[32m  INFO[0m: Configuration Loaded
[32m  INFO[0m: Reloading configuration...
[32m  INFO[0m: Configuration Loaded
[32m  INFO[0m: Reloading configuration...
[32m  INFO[0m: Configuration Loaded
[32m  INFO[0m: Reloading configuration...
[32m  INFO[0m: Configuration Loaded
[32m  INFO[0m: Reloading configuration...
[32m  INFO[0m: Configuration Loaded
[32m  INFO[0m: Reloading configuration...
[31m ERROR[0m: Failed to load configuration
[31m ERROR[0m:   caused by @shell.qml[7:13]: Type Bar unavailable
[31m ERROR[0m:   caused by @Bar.qml[11:2]: Cannot assign to non-existent property "spacing"
[32m  INFO[0m: Reloading configuration...
[33m  WARN[97m scene[0m: QML Row at @Bar.qml[8:2]: Cannot specify left, right, horizontalCenter, fill or centerIn anchors for items inside Row. Row will not function.
[33m  WARN[97m scene[0m: QML Row at @Bar.qml[8:2]: Cannot specify left, right, horizontalCenter, fill or centerIn anchors for items inside Row. Row will not function.
[32m  INFO[0m: Configuration Loaded
[33m  WARN[97m scene[0m: QML Row at @Bar.qml[8:2]: Cannot specify left, right, horizontalCenter, fill or centerIn anchors for items inside Row. Row will not function.
[33m  WARN[97m scene[0m: QML Row at @Bar.qml[8:2]: Cannot specify left, right, horizontalCenter, fill or centerIn anchors for items inside Row. Row will not function.
[32m  INFO[0m: Reloading configuration...
[33m  WARN[97m scene[0m: QML Row at @Bar.qml[8:2]: Cannot specify left, right, horizontalCenter, fill or centerIn anchors for items inside Row. Row will not function.
[33m  WARN[97m scene[0m: QML Row at @Bar.qml[8:2]: Cannot specify left, right, horizontalCenter, fill or centerIn anchors for items inside Row. Row will not function.
[32m  INFO[0m: Configuration Loaded
[33m  WARN[97m scene[0m: QML Row at @Bar.qml[8:2]: Cannot specify left, right, horizontalCenter, fill or centerIn anchors for items inside Row. Row will not function.
[33m  WARN[97m scene[0m: QML Row at @Bar.qml[8:2]: Cannot specify left, right, horizontalCenter, fill or centerIn anchors for items inside Row. Row will not function.
[32m  INFO[0m: Reloading configuration...
[32m  INFO[0m: Configuration Loaded
[32m  INFO[0m: Reloading configuration...
[32m  INFO[0m: Configuration Loaded
[32m  INFO[0m: Reloading configuration...
[32m  INFO[0m: Configuration Loaded
[32m  INFO[0m: Reloading configuration...
[32m  INFO[0m: Configuration Loaded
[32m  INFO[0m: Reloading configuration...
[32m  INFO[0m: Configuration Loaded
[32m  INFO[0m: Reloading configuration...
[32m  INFO[0m: Configuration Loaded
[32m  INFO[0m: Reloading configuration...
[32m  INFO[0m: Configuration Loaded
[32m  INFO[0m: Reloading configuration...
[31m ERROR[0m: Failed to load configuration
[31m ERROR[0m:   caused by @shell.qml[7:13]: Type Bar unavailable
[31m ERROR[0m:   caused by @Bar.qml[18:3]: Cannot assign to non-existent property "topMargin"
[32m  INFO[0m: Reloading configuration...
[32m  INFO[0m: Configuration Loaded
[32m  INFO[0m: Reloading configuration...
[32m  INFO[0m: Configuration Loaded
[32m  INFO[0m: Reloading configuration...
[33m  WARN[97m scene[0m: QML Bar (parent or ancestor of qs::wayland::layershell::WlrLayershell) at @Bar.qml[4:1]: Setting `height` is deprecated. Set `implicitHeight` instead.
[33m  WARN[97m scene[0m: QML Bar (parent or ancestor of qs::wayland::layershell::WlrLayershell) at @Bar.qml[4:1]: Setting `height` is deprecated. Set `implicitHeight` instead.
[32m  INFO[0m: Configuration Loaded
[32m  INFO[0m: Reloading configuration...
[33m  WARN[97m scene[0m: QML Bar (parent or ancestor of qs::wayland::layershell::WlrLayershell) at @Bar.qml[4:1]: Setting `height` is deprecated. Set `implicitHeight` instead.
[33m  WARN[97m scene[0m: QML Bar (parent or ancestor of qs::wayland::layershell::WlrLayershell) at @Bar.qml[4:1]: Setting `height` is deprecated. Set `implicitHeight` instead.
[32m  INFO[0m: Configuration Loaded
[32m  INFO[0m: Reloading configuration...
[33m  WARN[97m scene[0m: QML Bar (parent or ancestor of qs::wayland::layershell::WlrLayershell) at @Bar.qml[4:1]: Setting `height` is deprecated. Set `implicitHeight` instead.
[33m  WARN[97m scene[0m: QML Bar (parent or ancestor of qs::wayland::layershell::WlrLayershell) at @Bar.qml[4:1]: Setting `height` is deprecated. Set `implicitHeight` instead.
[32m  INFO[0m: Configuration Loaded
[32m  INFO[0m: Reloading configuration...
[33m  WARN[97m scene[0m: QML Bar (parent or ancestor of qs::wayland::layershell::WlrLayershell) at @Bar.qml[4:1]: Setting `height` is deprecated. Set `implicitHeight` instead.
[33m  WARN[97m scene[0m: QML Bar (parent or ancestor of qs::wayland::layershell::WlrLayershell) at @Bar.qml[4:1]: Setting `height` is deprecated. Set `implicitHeight` instead.
[32m  INFO[0m: Configuration Loaded
[32m  INFO[0m: Reloading configuration...
[33m  WARN[97m scene[0m: QML Bar (parent or ancestor of qs::wayland::layershell::WlrLayershell) at @Bar.qml[4:1]: Setting `height` is deprecated. Set `implicitHeight` instead.
[33m  WARN[97m scene[0m: QML Bar (parent or ancestor of qs::wayland::layershell::WlrLayershell) at @Bar.qml[4:1]: Setting `height` is deprecated. Set `implicitHeight` instead.
[32m  INFO[0m: Configuration Loaded
[32m  INFO[0m: Reloading configuration...
[33m  WARN[97m scene[0m: QML Bar (parent or ancestor of qs::wayland::layershell::WlrLayershell) at @Bar.qml[4:1]: Setting `height` is deprecated. Set `implicitHeight` instead.
[33m  WARN[97m scene[0m: QML Bar (parent or ancestor of qs::wayland::layershell::WlrLayershell) at @Bar.qml[4:1]: Setting `height` is deprecated. Set `implicitHeight` instead.
[32m  INFO[0m: Configuration Loaded
[32m  INFO[0m: Reloading configuration...
[32m  INFO[0m: Configuration Loaded
[32m  INFO[0m: Reloading configuration...
[33m  WARN[97m scene[0m: QML Bar (parent or ancestor of qs::wayland::layershell::WlrLayershell) at @Bar.qml[4:1]: Setting `height` is deprecated. Set `implicitHeight` instead.
[33m  WARN[97m scene[0m: QML Bar (parent or ancestor of qs::wayland::layershell::WlrLayershell) at @Bar.qml[4:1]: Setting `height` is deprecated. Set `implicitHeight` instead.
[32m  INFO[0m: Configuration Loaded
[32m  INFO[0m: Reloading configuration...
[33m  WARN[97m scene[0m: QML Bar (parent or ancestor of qs::wayland::layershell::WlrLayershell) at @Bar.qml[4:1]: Setting `height` is deprecated. Set `implicitHeight` instead.
[33m  WARN[97m scene[0m: QML Bar (parent or ancestor of qs::wayland::layershell::WlrLayershell) at @Bar.qml[4:1]: Setting `height` is deprecated. Set `implicitHeight` instead.
[32m  INFO[0m: Configuration Loaded
[32m  INFO[0m: Reloading configuration...
[32m  INFO[0m: Configuration Loaded
[32m  INFO[0m: Reloading configuration...
[33m  WARN[97m scene[0m: QML Bar (parent or ancestor of qs::wayland::layershell::WlrLayershell) at @Bar.qml[4:1]: Setting `height` is deprecated. Set `implicitHeight` instead.
[33m  WARN[97m scene[0m: QML Bar (parent or ancestor of qs::wayland::layershell::WlrLayershell) at @Bar.qml[4:1]: Setting `height` is deprecated. Set `implicitHeight` instead.
[32m  INFO[0m: Configuration Loaded
[32m  INFO[0m: Reloading configuration...
[33m  WARN[97m scene[0m: @Bar.qml[19:2]: Unable to assign [undefined] to ExclusionMode::Enum
[33m  WARN[97m scene[0m: @Bar.qml[19:2]: Unable to assign [undefined] to ExclusionMode::Enum
[32m  INFO[0m: Configuration Loaded
[32m  INFO[0m: Reloading configuration...
[33m  WARN[97m scene[0m: @Bar.qml[19:2]: Unable to assign [undefined] to ExclusionMode::Enum
[33m  WARN[97m scene[0m: @Bar.qml[19:2]: Unable to assign [undefined] to ExclusionMode::Enum
[32m  INFO[0m: Configuration Loaded
[32m  INFO[0m: Reloading configuration...
[33m  WARN[97m scene[0m: QML Bar (parent or ancestor of qs::wayland::layershell::WlrLayershell) at @Bar.qml[4:1]: Setting `height` is deprecated. Set `implicitHeight` instead.
[33m  WARN[97m scene[0m: QML Bar (parent or ancestor of qs::wayland::layershell::WlrLayershell) at @Bar.qml[4:1]: Setting `height` is deprecated. Set `implicitHeight` instead.
[33m  WARN[97m scene[0m: @Bar.qml[19:2]: Unable to assign [undefined] to ExclusionMode::Enum
[33m  WARN[97m scene[0m: @Bar.qml[19:2]: Unable to assign [undefined] to ExclusionMode::Enum
[32m  INFO[0m: Configuration Loaded
[32m  INFO[0m: Reloading configuration...
[33m  WARN[97m scene[0m: @Bar.qml[19:2]: Unable to assign [undefined] to ExclusionMode::Enum
[33m  WARN[97m scene[0m: @Bar.qml[19:2]: Unable to assign [undefined] to ExclusionMode::Enum
[32m  INFO[0m: Configuration Loaded
[32m  INFO[0m: Reloading configuration...
[32m  INFO[0m: Configuration Loaded
[32m  INFO[0m: Reloading configuration...
[32m  INFO[0m: Configuration Loaded
[32m  INFO[0m: Reloading configuration...
[32m  INFO[0m: Configuration Loaded
[32m  INFO[0m: Reloading configuration...
[32m  INFO[0m: Configuration Loaded
[32m  INFO[0m: Reloading configuration...
[33m  WARN[97m scene[0m: QML Bar (parent or ancestor of qs::wayland::layershell::WlrLayershell) at @Bar.qml[4:1]: Setting `height` is deprecated. Set `implicitHeight` instead.
[33m  WARN[97m scene[0m: QML Bar (parent or ancestor of qs::wayland::layershell::WlrLayershell) at @Bar.qml[4:1]: Setting `height` is deprecated. Set `implicitHeight` instead.
[32m  INFO[0m: Configuration Loaded
[32m  INFO[0m: Reloading configuration...
[33m  WARN[97m scene[0m: QML Bar (parent or ancestor of qs::wayland::layershell::WlrLayershell) at @Bar.qml[4:1]: Setting `height` is deprecated. Set `implicitHeight` instead.
[33m  WARN[97m scene[0m: QML Bar (parent or ancestor of qs::wayland::layershell::WlrLayershell) at @Bar.qml[4:1]: Setting `height` is deprecated. Set `implicitHeight` instead.
[32m  INFO[0m: Configuration Loaded
[32m  INFO[0m: Reloading configuration...
[33m  WARN[97m scene[0m: QML Bar (parent or ancestor of qs::wayland::layershell::WlrLayershell) at @Bar.qml[4:1]: Setting `height` is deprecated. Set `implicitHeight` instead.
[33m  WARN[97m scene[0m: QML Bar (parent or ancestor of qs::wayland::layershell::WlrLayershell) at @Bar.qml[4:1]: Setting `height` is deprecated. Set `implicitHeight` instead.
[32m  INFO[0m: Configuration Loaded
[32m  INFO[0m: Reloading configuration...
[33m  WARN[97m scene[0m: QML Bar (parent or ancestor of qs::wayland::layershell::WlrLayershell) at @Bar.qml[4:1]: Setting `height` is deprecated. Set `implicitHeight` instead.
[33m  WARN[97m scene[0m: QML Bar (parent or ancestor of qs::wayland::layershell::WlrLayershell) at @Bar.qml[4:1]: Setting `height` is deprecated. Set `implicitHeight` instead.
[32m  INFO[0m: Configuration Loaded
[32m  INFO[0m: Reloading configuration...
[33m  WARN[97m scene[0m: QML Bar (parent or ancestor of qs::wayland::layershell::WlrLayershell) at @Bar.qml[4:1]: Setting `height` is deprecated. Set `implicitHeight` instead.
[33m  WARN[97m scene[0m: QML Bar (parent or ancestor of qs::wayland::layershell::WlrLayershell) at @Bar.qml[4:1]: Setting `height` is deprecated. Set `implicitHeight` instead.
[32m  INFO[0m: Configuration Loaded
